
> inkverse@0.1.0 build
> next build

Ôû▓ Next.js 16.2.4 (Turbopack)
- Environments: .env.local, .env
- Experiments (use with caution):
  ┬À optimizePackageImports

node.exe : ÔÜá The "middleware" file convention is deprecated. Please use "proxy" instead. Learn more: 
https://nextjs.org/docs/messages/middleware-to-proxy
En línea: 1 Carácter: 1
+ & "C:\Program Files\nodejs/node.exe" "C:\Users\migue\AppData\Roaming\ ...
+ ~~~~~~~~~~~~~~~~~~~~~~~~~~~~~~~~~~~~~~~~~~~~~~~~~~~~~~~~~~~~~~~~~~~~~
    + CategoryInfo          : NotSpecified: (ÔÜá The "middle...leware-to-proxy:String) [], RemoteException
    + FullyQualifiedErrorId : NativeCommandError
 
  Creating an optimized production build ...

> Build error occurred
Error: Turbopack build failed with 19 errors:
./src/app/api/upload/cover/route.ts:4:1
Export deleteFile doesn't exist in target module
  [90m2 |[0m [36mimport[0m { auth } [36mfrom[0m [32m'@/lib/auth'[0m;
  [90m3 |[0m [36mimport[0m { prisma } [36mfrom[0m [32m'@/lib/prisma'[0m;
[31m[1m>[0m [90m4 |[0m [36mimport[0m { uploadCover, deleteFile, extractPathname } [36mfrom[0m 
[32m'@/lib/storage'[0m;
  [90m  |[0m [31m[1m^^^^^^^^^^^^^^^^^^^^^^^^^^^^^^^^^^^^^^^^^^^^^^^^^^^^^^^^^^^^^^^^^^^^^^^^^[0m
  [90m5 |[0m
  [90m6 |[0m [90m// Tama├▒o m├íximo para portadas: 5MB[0m
  [90m7 |[0m [36mconst[0m [33mMAX_COVER_SIZE[0m = [35m5[0m * [35m1024[0m * [35m1024[0m;

The export deleteFile was not found in module [project]/src/lib/storage.ts [app-route] (ecmascript).
Did you mean to import deleteImage?
All exports of the module are statically known (It doesn't have dynamic exports). So it's known statically that the 
requested export doesn't exist.


./src/app/api/upload/delete/route.ts:4:1
Export deleteFile doesn't exist in target module
  [90m2 |[0m [36mimport[0m { auth } [36mfrom[0m [32m'@/lib/auth'[0m;
  [90m3 |[0m [36mimport[0m { prisma } [36mfrom[0m [32m'@/lib/prisma'[0m;
[31m[1m>[0m [90m4 |[0m [36mimport[0m { deleteFile, extractPathname } [36mfrom[0m [32m'@/lib/storage'[0m;
  [90m  |[0m [31m[1m^^^^^^^^^^^^^^^^^^^^^^^^^^^^^^^^^^^^^^^^^^^^^^^^^^^^^^^^^^^^[0m
  [90m5 |[0m
  [90m6 |[0m [36minterface[0m [33mDeleteRequest[0m {
  [90m7 |[0m   url: string;

The export deleteFile was not found in module [project]/src/lib/storage.ts [app-route] (ecmascript).
Did you mean to import deleteImage?
All exports of the module are statically known (It doesn't have dynamic exports). So it's known statically that the 
requested export doesn't exist.


./src/app/api/upload/delete/route.ts:4:1
Export extractPathname doesn't exist in target module
  [90m2 |[0m [36mimport[0m { auth } [36mfrom[0m [32m'@/lib/auth'[0m;
  [90m3 |[0m [36mimport[0m { prisma } [36mfrom[0m [32m'@/lib/prisma'[0m;
[31m[1m>[0m [90m4 |[0m [36mimport[0m { deleteFile, extractPathname } [36mfrom[0m [32m'@/lib/storage'[0m;
  [90m  |[0m [31m[1m^^^^^^^^^^^^^^^^^^^^^^^^^^^^^^^^^^^^^^^^^^^^^^^^^^^^^^^^^^^^[0m
  [90m5 |[0m
  [90m6 |[0m [36minterface[0m [33mDeleteRequest[0m {
  [90m7 |[0m   url: string;

The export extractPathname was not found in module [project]/src/lib/storage.ts [app-route] (ecmascript).
Did you mean to import deleteChapterImages?
All exports of the module are statically known (It doesn't have dynamic exports). So it's known statically that the 
requested export doesn't exist.


./src/app/api/achievements/route.ts:2:1
Export getServerSession doesn't exist in target module
  [90m1 |[0m [36mimport[0m { [33mNextRequest[0m, [33mNextResponse[0m } [36mfrom[0m [32m'next/server'[0m;
[31m[1m>[0m [90m2 |[0m [36mimport[0m { getServerSession } [36mfrom[0m [32m'next-auth/next'[0m;
  [90m  |[0m [31m[1m^^^^^^^^^^^^^^^^^^^^^^^^^^^^^^^^^^^^^^^^^^^^^^^^^^[0m
  [90m3 |[0m [36mimport[0m { authConfig } [36mfrom[0m [32m'@/lib/auth'[0m;
  [90m4 |[0m [36mimport[0m { prisma } [36mfrom[0m [32m'@/lib/prisma'[0m;
  [90m5 |[0m [36mimport[0m { [33mXP[0m } [36mfrom[0m [32m'@/core/value-objects/XP'[0m;

The export getServerSession was not found in module [project]/node_modules/next-auth/next.js [app-route] (ecmascript).
The module has no exports at all.
All exports of the module are statically known (It doesn't have dynamic exports). So it's known statically that the 
requested export doesn't exist.


./src/app/api/ai/batch/route.ts:11:1
Export getServerSession doesn't exist in target module
  [90m 9 |[0m [36mimport[0m { [33mNextRequest[0m, [33mNextResponse[0m } [36mfrom[0m [32m'next/server'[0m;
  [90m10 |[0m [36mimport[0m { getUnifiedAIService, [33mBatchJobRequest[0m, [33mServiceJob[0m } [36mfrom[0m 
[32m'@/infrastructure/ai'[0m;
[31m[1m>[0m [90m11 |[0m [36mimport[0m { getServerSession } [36mfrom[0m [32m'next-auth/next'[0m;
  [90m   |[0m [31m[1m^^^^^^^^^^^^^^^^^^^^^^^^^^^^^^^^^^^^^^^^^^^^^^^^^^[0m
  [90m12 |[0m [36mimport[0m { authConfig } [36mfrom[0m [32m'@/lib/auth'[0m;
  [90m13 |[0m
  [90m14 |[0m [90m// Initialize service[0m

The export getServerSession was not found in module [project]/node_modules/next-auth/next.js [app-route] (ecmascript).
The module has no exports at all.
All exports of the module are statically known (It doesn't have dynamic exports). So it's known statically that the 
requested export doesn't exist.


./src/app/api/ai/submit/route.ts:11:1
Export getServerSession doesn't exist in target module
  [90m 9 |[0m [36mimport[0m { [33mNextRequest[0m, [33mNextResponse[0m } [36mfrom[0m [32m'next/server'[0m;
  [90m10 |[0m [36mimport[0m { getUnifiedAIService, [33mServiceJob[0m } [36mfrom[0m 
[32m'@/infrastructure/ai'[0m;
[31m[1m>[0m [90m11 |[0m [36mimport[0m { getServerSession } [36mfrom[0m [32m'next-auth/next'[0m;
  [90m   |[0m [31m[1m^^^^^^^^^^^^^^^^^^^^^^^^^^^^^^^^^^^^^^^^^^^^^^^^^^[0m
  [90m12 |[0m [36mimport[0m { authConfig } [36mfrom[0m [32m'@/lib/auth'[0m;
  [90m13 |[0m
  [90m14 |[0m [90m// Initialize service on first request[0m

The export getServerSession was not found in module [project]/node_modules/next-auth/next.js [app-route] (ecmascript).
The module has no exports at all.
All exports of the module are statically known (It doesn't have dynamic exports). So it's known statically that the 
requested export doesn't exist.


./src/app/api/chapters/[id]/comments/[commentId]/route.ts:2:1
Export getServerSession doesn't exist in target module
  [90m1 |[0m [36mimport[0m { [33mNextRequest[0m, [33mNextResponse[0m } [36mfrom[0m [32m'next/server'[0m;
[31m[1m>[0m [90m2 |[0m [36mimport[0m { getServerSession } [36mfrom[0m [32m'next-auth/next'[0m;
  [90m  |[0m [31m[1m^^^^^^^^^^^^^^^^^^^^^^^^^^^^^^^^^^^^^^^^^^^^^^^^^^[0m
  [90m3 |[0m [36mimport[0m { authConfig } [36mfrom[0m [32m'@/lib/auth'[0m;
  [90m4 |[0m [36mimport[0m { prisma } [36mfrom[0m [32m'@/lib/prisma'[0m;
  [90m5 |[0m [36mimport[0m { z } [36mfrom[0m [32m'zod'[0m;

The export getServerSession was not found in module [project]/node_modules/next-auth/next.js [app-route] (ecmascript).
The module has no exports at all.
All exports of the module are statically known (It doesn't have dynamic exports). So it's known statically that the 
requested export doesn't exist.


./src/app/api/chapters/[id]/comments/route.ts:2:1
Export getServerSession doesn't exist in target module
  [90m1 |[0m [36mimport[0m { [33mNextRequest[0m, [33mNextResponse[0m } [36mfrom[0m [32m'next/server'[0m;
[31m[1m>[0m [90m2 |[0m [36mimport[0m { getServerSession } [36mfrom[0m [32m'next-auth/next'[0m;
  [90m  |[0m [31m[1m^^^^^^^^^^^^^^^^^^^^^^^^^^^^^^^^^^^^^^^^^^^^^^^^^^[0m
  [90m3 |[0m [36mimport[0m { authConfig } [36mfrom[0m [32m'@/lib/auth'[0m;
  [90m4 |[0m [36mimport[0m { prisma } [36mfrom[0m [32m'@/lib/prisma'[0m;
  [90m5 |[0m [36mimport[0m { z } [36mfrom[0m [32m'zod'[0m;

The export getServerSession was not found in module [project]/node_modules/next-auth/next.js [app-route] (ecmascript).
The module has no exports at all.
All exports of the module are statically known (It doesn't have dynamic exports). So it's known statically that the 
requested export doesn't exist.


./src/app/api/chapters/[id]/crowdfund/route.ts:2:1
Export getServerSession doesn't exist in target module
  [90m1 |[0m [36mimport[0m { [33mNextRequest[0m, [33mNextResponse[0m } [36mfrom[0m [32m'next/server'[0m;
[31m[1m>[0m [90m2 |[0m [36mimport[0m { getServerSession } [36mfrom[0m [32m'next-auth/next'[0m;
  [90m  |[0m [31m[1m^^^^^^^^^^^^^^^^^^^^^^^^^^^^^^^^^^^^^^^^^^^^^^^^^^[0m
  [90m3 |[0m [36mimport[0m { authConfig } [36mfrom[0m [32m'@/lib/auth'[0m;
  [90m4 |[0m [36mimport[0m { prisma } [36mfrom[0m [32m'@/lib/prisma'[0m;
  [90m5 |[0m [36mimport[0m { z } [36mfrom[0m [32m'zod'[0m;

The export getServerSession was not found in module [project]/node_modules/next-auth/next.js [app-route] (ecmascript).
The module has no exports at all.
All exports of the module are statically known (It doesn't have dynamic exports). So it's known statically that the 
requested export doesn't exist.


./src/app/api/chapters/[id]/sponsor/route.ts:2:1
Export getServerSession doesn't exist in target module
  [90m1 |[0m [36mimport[0m { [33mNextRequest[0m, [33mNextResponse[0m } [36mfrom[0m [32m'next/server'[0m;
[31m[1m>[0m [90m2 |[0m [36mimport[0m { getServerSession } [36mfrom[0m [32m'next-auth/next'[0m;
  [90m  |[0m [31m[1m^^^^^^^^^^^^^^^^^^^^^^^^^^^^^^^^^^^^^^^^^^^^^^^^^^[0m
  [90m3 |[0m [36mimport[0m { authConfig } [36mfrom[0m [32m'@/lib/auth'[0m;
  [90m4 |[0m [36mimport[0m { prisma } [36mfrom[0m [32m'@/lib/prisma'[0m;
  [90m5 |[0m [36mimport[0m { z } [36mfrom[0m [32m'zod'[0m;

The export getServerSession was not found in module [project]/node_modules/next-auth/next.js [app-route] (ecmascript).
The module has no exports at all.
All exports of the module are statically known (It doesn't have dynamic exports). So it's known statically that the 
requested export doesn't exist.


./src/app/api/clans/[id]/route.ts:2:1
Export getServerSession doesn't exist in target module
  [90m1 |[0m [36mimport[0m { [33mNextRequest[0m, [33mNextResponse[0m } [36mfrom[0m [32m'next/server'[0m;
[31m[1m>[0m [90m2 |[0m [36mimport[0m { getServerSession } [36mfrom[0m [32m'next-auth/next'[0m;
  [90m  |[0m [31m[1m^^^^^^^^^^^^^^^^^^^^^^^^^^^^^^^^^^^^^^^^^^^^^^^^^^[0m
  [90m3 |[0m [36mimport[0m { authConfig } [36mfrom[0m [32m'@/lib/auth'[0m;
  [90m4 |[0m [36mimport[0m { prisma } [36mfrom[0m [32m'@/lib/prisma'[0m;
  [90m5 |[0m

The export getServerSession was not found in module [project]/node_modules/next-auth/next.js [app-route] (ecmascript).
The module has no exports at all.
All exports of the module are statically known (It doesn't have dynamic exports). So it's known statically that the 
requested export doesn't exist.


./src/app/api/clans/route.ts:2:1
Export getServerSession doesn't exist in target module
  [90m1 |[0m [36mimport[0m { [33mNextRequest[0m, [33mNextResponse[0m } [36mfrom[0m [32m'next/server'[0m;
[31m[1m>[0m [90m2 |[0m [36mimport[0m { getServerSession } [36mfrom[0m [32m'next-auth/next'[0m;
  [90m  |[0m [31m[1m^^^^^^^^^^^^^^^^^^^^^^^^^^^^^^^^^^^^^^^^^^^^^^^^^^[0m
  [90m3 |[0m [36mimport[0m { authConfig } [36mfrom[0m [32m'@/lib/auth'[0m;
  [90m4 |[0m [36mimport[0m { prisma } [36mfrom[0m [32m'@/lib/prisma'[0m;
  [90m5 |[0m [36mimport[0m { z } [36mfrom[0m [32m'zod'[0m;

The export getServerSession was not found in module [project]/node_modules/next-auth/next.js [app-route] (ecmascript).
The module has no exports at all.
All exports of the module are statically known (It doesn't have dynamic exports). So it's known statically that the 
requested export doesn't exist.


./src/app/api/comments/route.ts:2:1
Export getServerSession doesn't exist in target module
  [90m1 |[0m [36mimport[0m { [33mNextRequest[0m, [33mNextResponse[0m } [36mfrom[0m [32m'next/server'[0m;
[31m[1m>[0m [90m2 |[0m [36mimport[0m { getServerSession } [36mfrom[0m [32m'next-auth/next'[0m;
  [90m  |[0m [31m[1m^^^^^^^^^^^^^^^^^^^^^^^^^^^^^^^^^^^^^^^^^^^^^^^^^^[0m
  [90m3 |[0m [36mimport[0m { authConfig } [36mfrom[0m [32m'@/lib/auth'[0m;
  [90m4 |[0m [36mimport[0m { prisma } [36mfrom[0m [32m'@/lib/prisma'[0m;
  [90m5 |[0m [36mimport[0m dbConnect [36mfrom[0m [32m'@/lib/mongoose'[0m;

The export getServerSession was not found in module [project]/node_modules/next-auth/next.js [app-route] (ecmascript).
The module has no exports at all.
All exports of the module are statically known (It doesn't have dynamic exports). So it's known statically that the 
requested export doesn't exist.


./src/app/api/economy/tip/route.ts:2:1
Export getServerSession doesn't exist in target module
  [90m1 |[0m [36mimport[0m { [33mNextRequest[0m, [33mNextResponse[0m } [36mfrom[0m [32m'next/server'[0m;
[31m[1m>[0m [90m2 |[0m [36mimport[0m { getServerSession } [36mfrom[0m [32m'next-auth/next'[0m;
  [90m  |[0m [31m[1m^^^^^^^^^^^^^^^^^^^^^^^^^^^^^^^^^^^^^^^^^^^^^^^^^^[0m
  [90m3 |[0m [36mimport[0m { authConfig } [36mfrom[0m [32m'@/lib/auth'[0m;
  [90m4 |[0m [36mimport[0m { prisma } [36mfrom[0m [32m'@/lib/prisma'[0m;
  [90m5 |[0m [36mimport[0m { [33mXP[0m } [36mfrom[0m [32m'@/core/value-objects/XP'[0m;

The export getServerSession was not found in module [project]/node_modules/next-auth/next.js [app-route] (ecmascript).
The module has no exports at all.
All exports of the module are statically known (It doesn't have dynamic exports). So it's known statically that the 
requested export doesn't exist.


./src/app/api/economy/transactions/route.ts:2:1
Export getServerSession doesn't exist in target module
  [90m1 |[0m [36mimport[0m { [33mNextRequest[0m, [33mNextResponse[0m } [36mfrom[0m [32m'next/server'[0m;
[31m[1m>[0m [90m2 |[0m [36mimport[0m { getServerSession } [36mfrom[0m [32m'next-auth/next'[0m;
  [90m  |[0m [31m[1m^^^^^^^^^^^^^^^^^^^^^^^^^^^^^^^^^^^^^^^^^^^^^^^^^^[0m
  [90m3 |[0m [36mimport[0m { authConfig } [36mfrom[0m [32m'@/lib/auth'[0m;
  [90m4 |[0m [36mimport[0m { prisma } [36mfrom[0m [32m'@/lib/prisma'[0m;
  [90m5 |[0m

The export getServerSession was not found in module [project]/node_modules/next-auth/next.js [app-route] (ecmascript).
The module has no exports at all.
All exports of the module are statically known (It doesn't have dynamic exports). So it's known statically that the 
requested export doesn't exist.


./src/app/api/gamification/xp/route.ts:2:1
Export getServerSession doesn't exist in target module
  [90m1 |[0m [36mimport[0m { [33mNextRequest[0m, [33mNextResponse[0m } [36mfrom[0m [32m'next/server'[0m;
[31m[1m>[0m [90m2 |[0m [36mimport[0m { getServerSession } [36mfrom[0m [32m'next-auth/next'[0m;
  [90m  |[0m [31m[1m^^^^^^^^^^^^^^^^^^^^^^^^^^^^^^^^^^^^^^^^^^^^^^^^^^[0m
  [90m3 |[0m [36mimport[0m { authConfig } [36mfrom[0m [32m'@/lib/auth'[0m;
  [90m4 |[0m [36mimport[0m { prisma } [36mfrom[0m [32m'@/lib/prisma'[0m;
  [90m5 |[0m [36mimport[0m { [33mXP[0m } [36mfrom[0m [32m'@/core/value-objects/XP'[0m;

The export getServerSession was not found in module [project]/node_modules/next-auth/next.js [app-route] (ecmascript).
The module has no exports at all.
All exports of the module are statically known (It doesn't have dynamic exports). So it's known statically that the 
requested export doesn't exist.


./src/app/api/memes/route.ts:2:1
Export getServerSession doesn't exist in target module
  [90m1 |[0m [36mimport[0m { [33mNextRequest[0m, [33mNextResponse[0m } [36mfrom[0m [32m'next/server'[0m;
[31m[1m>[0m [90m2 |[0m [36mimport[0m { getServerSession } [36mfrom[0m [32m'next-auth/next'[0m;
  [90m  |[0m [31m[1m^^^^^^^^^^^^^^^^^^^^^^^^^^^^^^^^^^^^^^^^^^^^^^^^^^[0m
  [90m3 |[0m [36mimport[0m { authConfig } [36mfrom[0m [32m'@/lib/auth'[0m;
  [90m4 |[0m [36mimport[0m { prisma } [36mfrom[0m [32m'@/lib/prisma'[0m;
  [90m5 |[0m

The export getServerSession was not found in module [project]/node_modules/next-auth/next.js [app-route] (ecmascript).
The module has no exports at all.
All exports of the module are statically known (It doesn't have dynamic exports). So it's known statically that the 
requested export doesn't exist.


./src/app/api/reading/complete/route.ts:2:1
Export getServerSession doesn't exist in target module
  [90m1 |[0m [36mimport[0m { [33mNextRequest[0m, [33mNextResponse[0m } [36mfrom[0m [32m'next/server'[0m;
[31m[1m>[0m [90m2 |[0m [36mimport[0m { getServerSession } [36mfrom[0m [32m'next-auth/next'[0m;
  [90m  |[0m [31m[1m^^^^^^^^^^^^^^^^^^^^^^^^^^^^^^^^^^^^^^^^^^^^^^^^^^[0m
  [90m3 |[0m [36mimport[0m { authConfig } [36mfrom[0m [32m'@/lib/auth'[0m;
  [90m4 |[0m [36mimport[0m { prisma } [36mfrom[0m [32m'@/lib/prisma'[0m;
  [90m5 |[0m [36mimport[0m { [33mXP[0m } [36mfrom[0m [32m'@/core/value-objects/XP'[0m;

The export getServerSession was not found in module [project]/node_modules/next-auth/next.js [app-route] (ecmascript).
The module has no exports at all.
All exports of the module are statically known (It doesn't have dynamic exports). So it's known statically that the 
requested export doesn't exist.


./src/app/api/upload/cover/route.ts:4:1
Export uploadCover doesn't exist in target module
  [90m2 |[0m [36mimport[0m { auth } [36mfrom[0m [32m'@/lib/auth'[0m;
  [90m3 |[0m [36mimport[0m { prisma } [36mfrom[0m [32m'@/lib/prisma'[0m;
[31m[1m>[0m [90m4 |[0m [36mimport[0m { uploadCover, deleteFile, extractPathname } [36mfrom[0m 
[32m'@/lib/storage'[0m;
  [90m  |[0m [31m[1m^^^^^^^^^^^^^^^^^^^^^^^^^^^^^^^^^^^^^^^^^^^^^^^^^^^^^^^^^^^^^^^^^^^^^^^^^[0m
  [90m5 |[0m
  [90m6 |[0m [90m// Tama├▒o m├íximo para portadas: 5MB[0m
  [90m7 |[0m [36mconst[0m [33mMAX_COVER_SIZE[0m = [35m5[0m * [35m1024[0m * [35m1024[0m;

The export uploadCover was not found in module [project]/src/lib/storage.ts [app-route] (ecmascript).
Did you mean to import uploadChapterImages?
All exports of the module are statically known (It doesn't have dynamic exports). So it's known statically that the 
requested export doesn't exist.


    at <unknown> (./src/app/api/upload/cover/route.ts:4:1)
    at <unknown> (./src/app/api/upload/delete/route.ts:4:1)
    at <unknown> (./src/app/api/upload/delete/route.ts:4:1)
    at <unknown> (./src/app/api/achievements/route.ts:2:1)
    at <unknown> (./src/app/api/ai/batch/route.ts:11:1)
    at <unknown> (./src/app/api/ai/submit/route.ts:11:1)
    at <unknown> (./src/app/api/chapters/[id]/comments/[commentId]/route.ts:2:1)
    at <unknown> (./src/app/api/chapters/[id]/comments/route.ts:2:1)
    at <unknown> (./src/app/api/chapters/[id]/crowdfund/route.ts:2:1)
    at <unknown> (./src/app/api/chapters/[id]/sponsor/route.ts:2:1)
    at <unknown> (./src/app/api/clans/[id]/route.ts:2:1)
    at <unknown> (./src/app/api/clans/route.ts:2:1)
    at <unknown> (./src/app/api/comments/route.ts:2:1)
    at <unknown> (./src/app/api/economy/tip/route.ts:2:1)
    at <unknown> (./src/app/api/economy/transactions/route.ts:2:1)
    at <unknown> (./src/app/api/gamification/xp/route.ts:2:1)
    at <unknown> (./src/app/api/memes/route.ts:2:1)
    at <unknown> (./src/app/api/reading/complete/route.ts:2:1)
    at <unknown> (./src/app/api/upload/cover/route.ts:4:1)
