⚠ Port 3000 is in use by process 24236, using available port 3001 instead.
▲ Next.js 16.2.4 (webpack)
- Local:         http://localhost:3001
- Network:       http://192.168.0.15:3001
- Environments: .env.local, .env
✓ Ready in 684ms
⨯ Another next dev server is already running.

- Local:        http://localhost:3000
- PID:          24236
- Dir:          C:\Users\migue\OneDrive\Documentos\codigo\Manga Web IA\inkverse
- Log:          .next\dev\logs\next-development.log

Run taskkill /PID 24236 /F to stop it.
[?25h
                                                                                                                                                                                                                                                                                                                                                                                                                                                                                                                                                                                                                                                                                                                                                                                                                                                                                                                                                                                                                                                                                                                                                                                                                                                                                                                                                                                                                                                                                                                                                                                                                                                                                                                                                                                                                                                                                                                                                                                                                                                                                                                                                                                                                                                                                                                                                                                                                                                                                                                                                                                                                                                                                                                                                                                                                                                                                                                                                                                              2026-05-17T16:29:02.474Z [32m200[0m GET / 0ms ::ffff:127.0.0.1
2026-05-17T16:29:18.325Z [32m200[0m GET / 0ms ::1
2026-05-17T16:29:51.133Z [32m200[0m GET / 0ms ::ffff:127.0.0.1
2026-05-17T16:31:14.223Z [32m200[0m GET / 1ms ::1
2026-05-17T16:31:34.223Z [32m200[0m GET / 1ms ::1
2026-05-17T16:34:40.193Z [32m200[0m HEAD / 1ms ::1
2026-05-17T16:34:44.243Z [32m200[0m GET / 1ms ::1
2026-05-17T16:35:21.894Z [32m200[0m GET / 1ms ::ffff:127.0.0.1
2026-05-17T16:37:54.257Z [32m200[0m GET / 0ms ::1
2026-05-17T16:38:33.400Z [32m200[0m GET / 1ms ::1
